-- Regression test suite for Item 2: pg_tle Module Loader in plv8
\set ON_ERROR_STOP on
SET client_min_messages = warning;
DROP EXTENSION IF EXISTS plv8 CASCADE;
DROP EXTENSION IF EXISTS pg_tle CASCADE;
RESET client_min_messages;
CREATE EXTENSION pg_tle;
CREATE EXTENSION plv8;
-- 1. Install versioned ES modules in pgtle.modules (including multi-digit semver 1.9.0 vs 1.10.0)
SELECT pgtle.install_module(
    'math_utils',
    '1.0.0',
    $$
    export function add(a, b) { return a + b; }
    export const VERSION = '1.0.0';
    $$
);
 install_module 
----------------
 t
(1 row)

SELECT pgtle.install_module(
    'math_utils',
    '1.9.0',
    $$
    export function add(a, b) { return (a + b) * 5; }
    export const VERSION = '1.9.0';
    $$
);
 install_module 
----------------
 t
(1 row)

SELECT pgtle.install_module(
    'math_utils',
    '1.10.0',
    $$
    export function add(a, b) { return (a + b) * 10; }
    export const VERSION = '1.10.0';
    export const META_URL = import.meta.url;
    $$
);
 install_module 
----------------
 t
(1 row)

-- 2. Install multi-file package with relative imports
SELECT pgtle.install_module(
    'pkg/sub/leaf.js',
    '1.0.0',
    $$
    export function leafVal() { return 7; }
    $$
);
 install_module 
----------------
 t
(1 row)

SELECT pgtle.install_module(
    'pkg/helper.js',
    '1.0.0',
    $$
    import { leafVal } from './sub/leaf.js';
    export function triple(x) { return x * 3 + leafVal(); }
    $$,
    NULL,
    ARRAY['pkg/sub/leaf.js'],
    true
);
 install_module 
----------------
 t
(1 row)

SELECT pgtle.install_module(
    'pkg/index.js',
    '1.0.0',
    $$
    import { triple } from './helper.js';
    export function compute(x) { return triple(x) + 1; }
    export const PKG_URL = import.meta.url;
    $$,
    NULL,
    ARRAY['pkg/helper.js'],
    true
);
 install_module 
----------------
 t
(1 row)

-- 3. Install a default-export-only module and a multi-file CommonJS (exports.* + relative require('./...')) package
SELECT pgtle.install_module(
    'default_greeter',
    '1.0.0',
    $$
    export default function greet(name) {
        return 'Hello, ' + name + '!';
    }
    $$
);
 install_module 
----------------
 t
(1 row)

SELECT pgtle.install_module(
    'cjs_pkg/leaf',
    '1.0.0',
    $$
    exports.tag = function(v) { return 'leaf:' + v; };
    $$
);
 install_module 
----------------
 t
(1 row)

SELECT pgtle.install_module(
    'cjs_pkg/formatter',
    '1.0.0',
    $$
    const math = require('tle:math_utils@1.0.0');
    const leaf = require('./leaf');
    exports.formatSum = function(a, b) {
        return 'sum=' + math.add(a, b) + ',' + leaf.tag(a);
    };
    $$,
    NULL,
    ARRAY['math_utils@1.0.0', 'cjs_pkg/leaf'],
    true
);
 install_module 
----------------
 t
(1 row)

-- 4. Test ES static import (default highest semver version 1.10.0 over 1.9.0)
CREATE FUNCTION plv8_test_esm_latest(a int, b int) RETURNS jsonb AS $$
    import { add, VERSION, META_URL } from 'math_utils';
    return { sum: add(a, b), version: VERSION, meta_url: META_URL };
$$ LANGUAGE plv8;
SELECT plv8_test_esm_latest(3, 4);
                          plv8_test_esm_latest                           
-------------------------------------------------------------------------
 {"sum": 70, "version": "1.10.0", "meta_url": "pgtle:math_utils@1.10.0"}
(1 row)

-- 5. Test ES static import with explicit @version and both pgtle: and tle: schemes
CREATE FUNCTION plv8_test_esm_v1(a int, b int) RETURNS jsonb AS $$
    import { add, VERSION } from 'pgtle:math_utils@1.0.0';
    import { add as add_tle } from 'tle:math_utils@1.0.0';
    return { sum: add(a, b), sum_tle: add_tle(a, b), version: VERSION };
$$ LANGUAGE plv8;
SELECT plv8_test_esm_v1(3, 4);
               plv8_test_esm_v1               
----------------------------------------------
 {"sum": 7, "sum_tle": 7, "version": "1.0.0"}
(1 row)

-- 6. Test transitive relative imports
CREATE FUNCTION plv8_test_relative(x int) RETURNS jsonb AS $$
    import { compute, PKG_URL } from 'pkg/index.js';
    return { result: compute(x), url: PKG_URL };
$$ LANGUAGE plv8;
SELECT plv8_test_relative(5);
                plv8_test_relative                 
---------------------------------------------------
 {"url": "pgtle:pkg/index.js@1.0.0", "result": 23}
(1 row)

-- 7. Test CommonJS require(), plv8.require(), and CommonJS exports.* module with relative require('./leaf')
CREATE FUNCTION plv8_test_require(name text) RETURNS jsonb AS $$
    const m2 = require('math_utils');
    const m1 = plv8.require('math_utils@1.0.0');
    const greet = require('default_greeter');
    const fmt = require('tle:cjs_pkg/formatter');
    return {
        m2_add: m2.add(2, 3),
        m1_add: m1.add(2, 3),
        greeting: greet(name),
        cjs_fmt: fmt.formatSum(7, 8)
    };
$$ LANGUAGE plv8;
SELECT plv8_test_require('Postgres');
                                    plv8_test_require                                    
-----------------------------------------------------------------------------------------
 {"m1_add": 5, "m2_add": 50, "cjs_fmt": "sum=15,leaf:7", "greeting": "Hello, Postgres!"}
(1 row)

-- 8. Test DO block and dynamic import() returning a Promise
DO $$
    import { add, VERSION } from 'math_utils@1.0.0';
    const pkg = require('pkg/index.js');
    plv8.elog(NOTICE, 'DO block ESM add=' + add(5, 6) + ' ver=' + VERSION + ' pkg=' + pkg.compute(2));
$$ LANGUAGE plv8;
NOTICE:  DO block ESM add=11 ver=1.0.0 pkg=14
CREATE FUNCTION plv8_test_dyn_import_global() RETURNS text AS $$
    globalThis.__dyn_res = 'not_run';
    import('math_utils@1.0.0').then(ns => {
        globalThis.__dyn_res = 'dyn:' + ns.VERSION + ':' + ns.add(8, 9);
    });
    return 'initiated';
$$ LANGUAGE plv8;
CREATE FUNCTION plv8_read_dyn_import_global() RETURNS text AS $$
    return globalThis.__dyn_res;
$$ LANGUAGE plv8;
SELECT plv8_test_dyn_import_global();
 plv8_test_dyn_import_global 
-----------------------------
 initiated
(1 row)

SELECT plv8_read_dyn_import_global();
 plv8_read_dyn_import_global 
-----------------------------
 dyn:1.0.0:17
(1 row)

-- 9. Test V8 CodeCache bytecode compilation (plv8.compile_bytecode + pgtle.install_module)
CREATE FUNCTION plv8_compile_module_bc(src text, modname text) RETURNS bytea AS $$
    return plv8.compile_bytecode(src, modname);
$$ LANGUAGE plv8;
SELECT pgtle.install_module(
    'fast_vec',
    '1.0.0',
    '/* bytecode */',
    plv8_compile_module_bc(
        $$
        export function dot(a, b) {
            let s = 0;
            for (let i = 0; i < a.length; i++) s += a[i] * b[i];
            return s;
        }
        export const ENGINE = 'v8-code-cache';
        $$,
        'fast_vec@1.0.0'
    ),
    NULL,
    true
);
 install_module 
----------------
 t
(1 row)

SELECT module_name, version, source_code, octet_length(bytecode) > 32 AS has_bytecode, is_trusted
FROM pgtle.modules
WHERE module_name = 'fast_vec';
 module_name | version |  source_code   | has_bytecode | is_trusted 
-------------+---------+----------------+--------------+------------
 fast_vec    | 1.0.0   | /* bytecode */ | t            | t
(1 row)

CREATE FUNCTION plv8_test_bytecode_mod() RETURNS jsonb AS $$
    import { dot, ENGINE } from 'fast_vec';
    const req_fast = require('fast_vec');
    return {
        esm_dot: dot([1, 2, 3], [4, 5, 6]),
        req_dot: req_fast.dot([2, 3], [10, 20]),
        engine: ENGINE
    };
$$ LANGUAGE plv8;
SELECT plv8_test_bytecode_mod();
                  plv8_test_bytecode_mod                   
-----------------------------------------------------------
 {"engine": "v8-code-cache", "esm_dot": 32, "req_dot": 80}
(1 row)

-- 10. Test live catalog invalidation (UPDATE pgtle.modules invalidates cached module & function)
UPDATE pgtle.modules
SET source_code = $$
    export function add(a, b) { return (a + b) * 100; }
    export const VERSION = '1.10.0-patched';
    export const META_URL = import.meta.url;
$$
WHERE module_name = 'math_utils' AND version = '1.10.0';
SELECT plv8_test_esm_latest(3, 4);
                               plv8_test_esm_latest                               
----------------------------------------------------------------------------------
 {"sum": 700, "version": "1.10.0-patched", "meta_url": "pgtle:math_utils@1.10.0"}
(1 row)

-- 11. Test missing module error handling
CREATE FUNCTION plv8_test_missing_mod() RETURNS int AS $$
    const m = require('nonexistent_module_xyz');
    return 1;
$$ LANGUAGE plv8;
\set ON_ERROR_STOP off
SELECT plv8_test_missing_mod();
ERROR:  module "nonexistent_module_xyz" not found in pgtle.modules
CONTEXT:  plv8_test_missing_mod() LINE 2:     const m = require('nonexistent_module_xyz');
\set ON_ERROR_STOP on
-- 12. Test untrusted module security (is_trusted = false) with unprivileged role
SELECT pgtle.install_module(
    'admin_only_mod',
    '1.0.0',
    $$
    export function secret() { return 'top-secret-42'; }
    $$,
    NULL,
    NULL,
    false
);
 install_module 
----------------
 t
(1 row)

CREATE FUNCTION plv8_call_admin_mod() RETURNS text AS $$
    import { secret } from 'admin_only_mod';
    return secret();
$$ LANGUAGE plv8;
CREATE FUNCTION plv8_req_admin_mod() RETURNS text AS $$
    const m = require('admin_only_mod');
    return m.secret();
$$ LANGUAGE plv8;
-- Superuser succeeds:
SELECT plv8_call_admin_mod();
 plv8_call_admin_mod 
---------------------
 top-secret-42
(1 row)

SELECT plv8_req_admin_mod();
 plv8_req_admin_mod 
--------------------
 top-secret-42
(1 row)

-- Unprivileged user is denied for untrusted module, but allowed for trusted module:
DROP ROLE IF EXISTS plv8_unpriv_tester;
NOTICE:  role "plv8_unpriv_tester" does not exist, skipping
CREATE ROLE plv8_unpriv_tester;
GRANT USAGE ON SCHEMA pgtle TO plv8_unpriv_tester;
GRANT SELECT ON pgtle.modules TO plv8_unpriv_tester;
GRANT EXECUTE ON FUNCTION plv8_call_admin_mod() TO plv8_unpriv_tester;
GRANT EXECUTE ON FUNCTION plv8_req_admin_mod() TO plv8_unpriv_tester;
GRANT EXECUTE ON FUNCTION plv8_test_esm_v1(int, int) TO plv8_unpriv_tester;
SET ROLE plv8_unpriv_tester;
SELECT plv8_test_esm_v1(10, 20);
                plv8_test_esm_v1                
------------------------------------------------
 {"sum": 30, "sum_tle": 30, "version": "1.0.0"}
(1 row)

\set ON_ERROR_STOP off
SELECT plv8_call_admin_mod();
ERROR:  permission denied for untrusted module "admin_only_mod@1.0.0"
CONTEXT:  undefined() LINE -1: 
SELECT plv8_req_admin_mod();
ERROR:  permission denied for untrusted module "admin_only_mod@1.0.0"
CONTEXT:  plv8_req_admin_mod() LINE 2:     const m = require('admin_only_mod');
\set ON_ERROR_STOP on
RESET ROLE;
REVOKE ALL ON pgtle.modules FROM plv8_unpriv_tester;
REVOKE ALL ON SCHEMA pgtle FROM plv8_unpriv_tester;
REVOKE ALL ON FUNCTION plv8_call_admin_mod() FROM plv8_unpriv_tester;
REVOKE ALL ON FUNCTION plv8_req_admin_mod() FROM plv8_unpriv_tester;
REVOKE ALL ON FUNCTION plv8_test_esm_v1(int, int) FROM plv8_unpriv_tester;
DROP ROLE plv8_unpriv_tester;
